#-----------------------------------------------------------
# Vivado v2025.1 (64-bit)
# SW Build 6140274 on Wed May 21 22:58:25 MDT 2025
# IP Build 6138677 on Thu May 22 03:10:11 MDT 2025
# SharedData Build 6139179 on Tue May 20 17:58:58 MDT 2025
# Start of session at: Sat Dec 27 21:07:51 2025
# Process ID         : 89625
# Current directory  : /home/andre/Documents/Processor/SOC_FULL/SOC_GR0040/SOC_GR0040_REFACTOR/SOC_GR0040_REFACTOR.runs/regfile16x16_synth_1
# Command line       : vivado -log regfile16x16.vds -product Vivado -mode batch -messageDb vivado.pb -notrace -source regfile16x16.tcl
# Log file           : /home/andre/Documents/Processor/SOC_FULL/SOC_GR0040/SOC_GR0040_REFACTOR/SOC_GR0040_REFACTOR.runs/regfile16x16_synth_1/regfile16x16.vds
# Journal file       : /home/andre/Documents/Processor/SOC_FULL/SOC_GR0040/SOC_GR0040_REFACTOR/SOC_GR0040_REFACTOR.runs/regfile16x16_synth_1/vivado.jou
# Running On         : macaco
# Platform           : Ubuntu
# Operating System   : Ubuntu 22.04.5 LTS
# Processor Detail   : Intel(R) Core(TM) Ultra 7 155H
# CPU Frequency      : 1870.000 MHz
# CPU Physical cores : 16
# CPU Logical cores  : 22
# Host memory        : 32983 MB
# Swap memory        : 2147 MB
# Total Virtual      : 35130 MB
# Available Virtual  : 29005 MB
#-----------------------------------------------------------
source regfile16x16.tcl -notrace
