#-----------------------------------------------------------
# Vivado v2025.1 (64-bit)
# SW Build 6140274 on Wed May 21 22:58:25 MDT 2025
# IP Build 6138677 on Thu May 22 03:10:11 MDT 2025
# SharedData Build 6139179 on Tue May 20 17:58:58 MDT 2025
# Start of session at: Tue Jan 20 18:31:57 2026
# Process ID         : 691521
# Current directory  : /home/mariana/Desktop/SOC_GR0040/SOC_GR0040_REFACTOR/SOC_GR0040_REFACTOR.runs/clk_wiz_0_synth_1
# Command line       : vivado -log clk_wiz_0.vds -product Vivado -mode batch -messageDb vivado.pb -notrace -source clk_wiz_0.tcl
# Log file           : /home/mariana/Desktop/SOC_GR0040/SOC_GR0040_REFACTOR/SOC_GR0040_REFACTOR.runs/clk_wiz_0_synth_1/clk_wiz_0.vds
# Journal file       : /home/mariana/Desktop/SOC_GR0040/SOC_GR0040_REFACTOR/SOC_GR0040_REFACTOR.runs/clk_wiz_0_synth_1/vivado.jou
# Running On         : panda
# Platform           : Ubuntu
# Operating System   : Ubuntu 22.04.5 LTS
# Processor Detail   : AMD Ryzen AI 9 365 w/ Radeon 880M
# CPU Frequency      : 5041.708 MHz
# CPU Physical cores : 10
# CPU Logical cores  : 20
# Host memory        : 32715 MB
# Swap memory        : 2147 MB
# Total Virtual      : 34863 MB
# Available Virtual  : 26040 MB
#-----------------------------------------------------------
source clk_wiz_0.tcl -notrace
